// Jest Snapshot v1, https://goo.gl/fbAQLP

exports[`should render Header 1`] = `
<div
  className="row card-header"
>
  <div
    className="col-sm-12"
  >
    <h1
      className="card-title"
      id="header-title"
    >
      My App
    </h1>
    <NavLink
      activeClassName="is-active"
      ariaCurrent="true"
      className="btn btn-primary"
      exact={true}
      to="/"
    >
      Dashboard
    </NavLink>
  </div>
</div>
`;
