// Jest Snapshot v1, https://goo.gl/fbAQLP

exports[`should correctly render Loading Page 1`] = `<Connect(Loading) />`;
